This file contains any messages produced by compilers while
running configure, to aid debugging if configure makes a mistake.

It was created by GNU C Library configure (see version.h), which was
generated by GNU Autoconf 2.66.  Invocation command line was

  $ ../configure --prefix=/home/wuhuang/fuzz/qasan/glibc213 --disable-sanity-checks

## --------- ##
## Platform. ##
## --------- ##

hostname = wuhuang
uname -m = x86_64
uname -r = 6.8.0-47-generic
uname -s = Linux
uname -v = #47-Ubuntu SMP PREEMPT_DYNAMIC Fri Sep 27 21:40:26 UTC 2024

/usr/bin/uname -p = x86_64
/bin/uname -X     = unknown

/bin/arch              = x86_64
/usr/bin/arch -k       = unknown
/usr/convex/getsysinfo = unknown
/usr/bin/hostinfo      = unknown
/bin/machine           = unknown
/usr/bin/oslevel       = unknown
/bin/universe          = unknown

PATH: /home/wuhuang/.vscode-server/cli/servers/Stable-e54c774e0add60467559eb0d1e229c6452cf8447/server/bin/remote-cli
PATH: /home/wuhuang/.local/bin
PATH: /home/wuhuang/.local/share/pnpm
PATH: /home/wuhuang/.cargo/bin
PATH: /home/wuhuang/miniconda3/bin
PATH: /home/wuhuang/miniconda3/condabin
PATH: /usr/local/sbin
PATH: /usr/local/bin
PATH: /usr/sbin
PATH: /usr/bin
PATH: /sbin
PATH: /bin
PATH: /usr/games
PATH: /usr/local/games
PATH: /snap/bin
PATH: /home/wuhuang/.local/bin
PATH: /usr/cramfs-1.1
PATH: /home/wuhuang/.vscode-server/extensions/ms-python.debugpy-2025.0.1-linux-x64/bundled/scripts/noConfigScripts
PATH: /home/wuhuang/.local/bin
PATH: /usr/cramfs-1.1


## ----------- ##
## Core tests. ##
## ----------- ##

configure:2363: checking build system type
configure:2377: result: x86_64-unknown-linux-gnu
configure:2397: checking host system type
configure:2410: result: x86_64-unknown-linux-gnu
configure:2479: checking for gcc
configure:2495: found /usr/bin/gcc
configure:2506: result: gcc
configure:2735: checking for C compiler version
configure:2744: gcc --version >&5
gcc (Ubuntu 13.2.0-23ubuntu4) 13.2.0
Copyright (C) 2023 Free Software Foundation, Inc.
This is free software; see the source for copying conditions.  There is NO
warranty; not even for MERCHANTABILITY or FITNESS FOR A PARTICULAR PURPOSE.

configure:2755: $? = 0
configure:2744: gcc -v >&5
Using built-in specs.
COLLECT_GCC=gcc
COLLECT_LTO_WRAPPER=/usr/libexec/gcc/x86_64-linux-gnu/13/lto-wrapper
OFFLOAD_TARGET_NAMES=nvptx-none:amdgcn-amdhsa
OFFLOAD_TARGET_DEFAULT=1
Target: x86_64-linux-gnu
Configured with: ../src/configure -v --with-pkgversion='Ubuntu 13.2.0-23ubuntu4' --with-bugurl=file:///usr/share/doc/gcc-13/README.Bugs --enable-languages=c,ada,c++,go,d,fortran,objc,obj-c++,m2 --prefix=/usr --with-gcc-major-version-only --program-suffix=-13 --program-prefix=x86_64-linux-gnu- --enable-shared --enable-linker-build-id --libexecdir=/usr/libexec --without-included-gettext --enable-threads=posix --libdir=/usr/lib --enable-nls --enable-clocale=gnu --enable-libstdcxx-debug --enable-libstdcxx-time=yes --with-default-libstdcxx-abi=new --enable-libstdcxx-backtrace --enable-gnu-unique-object --disable-vtable-verify --enable-plugin --enable-default-pie --with-system-zlib --enable-libphobos-checking=release --with-target-system-zlib=auto --enable-objc-gc=auto --enable-multiarch --disable-werror --enable-cet --with-arch-32=i686 --with-abi=m64 --with-multilib-list=m32,m64,mx32 --enable-multilib --with-tune=generic --enable-offload-targets=nvptx-none=/build/gcc-13-uJ7kn6/gcc-13-13.2.0/debian/tmp-nvptx/usr,amdgcn-amdhsa=/build/gcc-13-uJ7kn6/gcc-13-13.2.0/debian/tmp-gcn/usr --enable-offload-defaulted --without-cuda-driver --enable-checking=release --build=x86_64-linux-gnu --host=x86_64-linux-gnu --target=x86_64-linux-gnu
Thread model: posix
Supported LTO compression algorithms: zlib zstd
gcc version 13.2.0 (Ubuntu 13.2.0-23ubuntu4) 
... rest of stderr output deleted ...
configure:2755: $? = 0
configure:2744: gcc -V >&5
gcc: error: unrecognized command-line option '-V'
gcc: fatal error: no input files
compilation terminated.
configure:2755: $? = 1
configure:2744: gcc -qversion >&5
gcc: error: unrecognized command-line option '-qversion'; did you mean '--version'?
gcc: fatal error: no input files
compilation terminated.
configure:2755: $? = 1
configure:2760: checking for suffix of object files
configure:2782: gcc -c   conftest.c >&5
configure:2786: $? = 0
configure:2807: result: o
configure:2811: checking whether we are using the GNU C compiler
configure:2830: gcc -c   conftest.c >&5
configure:2830: $? = 0
configure:2839: result: yes
configure:2848: checking whether gcc accepts -g
configure:2868: gcc -c -g  conftest.c >&5
configure:2868: $? = 0
configure:2909: result: yes
configure:2926: checking for gcc option to accept ISO C89
configure:2990: gcc  -c -g -O2  conftest.c >&5
configure:2990: $? = 0
configure:3003: result: none needed
configure:3073: checking how to run the C preprocessor
configure:3104: gcc -E  conftest.c
configure:3104: $? = 0
configure:3118: gcc -E  conftest.c
conftest.c:9:10: fatal error: ac_nonexistent.h: No such file or directory
    9 | #include <ac_nonexistent.h>
      |          ^~~~~~~~~~~~~~~~~~
compilation terminated.
configure:3118: $? = 1
configure: failed program was:
| /* confdefs.h */
| #define PACKAGE_NAME "GNU C Library"
| #define PACKAGE_TARNAME "c-library"
| #define PACKAGE_VERSION "(see version.h)"
| #define PACKAGE_STRING "GNU C Library (see version.h)"
| #define PACKAGE_BUGREPORT "glibc"
| #define PACKAGE_URL "http://www.gnu.org/software/c-library/"
| /* end confdefs.h.  */
| #include <ac_nonexistent.h>
configure:3143: result: gcc -E
configure:3163: gcc -E  conftest.c
configure:3163: $? = 0
configure:3177: gcc -E  conftest.c
conftest.c:9:10: fatal error: ac_nonexistent.h: No such file or directory
    9 | #include <ac_nonexistent.h>
      |          ^~~~~~~~~~~~~~~~~~
compilation terminated.
configure:3177: $? = 1
configure: failed program was:
| /* confdefs.h */
| #define PACKAGE_NAME "GNU C Library"
| #define PACKAGE_TARNAME "c-library"
| #define PACKAGE_VERSION "(see version.h)"
| #define PACKAGE_STRING "GNU C Library (see version.h)"
| #define PACKAGE_BUGREPORT "glibc"
| #define PACKAGE_URL "http://www.gnu.org/software/c-library/"
| /* end confdefs.h.  */
| #include <ac_nonexistent.h>
configure:3264: checking for g++
configure:3280: found /usr/bin/g++
configure:3291: result: g++
configure:3318: checking for C++ compiler version
configure:3327: g++ --version >&5
g++ (Ubuntu 13.2.0-23ubuntu4) 13.2.0
Copyright (C) 2023 Free Software Foundation, Inc.
This is free software; see the source for copying conditions.  There is NO
warranty; not even for MERCHANTABILITY or FITNESS FOR A PARTICULAR PURPOSE.

configure:3338: $? = 0
configure:3327: g++ -v >&5
Using built-in specs.
COLLECT_GCC=g++
COLLECT_LTO_WRAPPER=/usr/libexec/gcc/x86_64-linux-gnu/13/lto-wrapper
OFFLOAD_TARGET_NAMES=nvptx-none:amdgcn-amdhsa
OFFLOAD_TARGET_DEFAULT=1
Target: x86_64-linux-gnu
Configured with: ../src/configure -v --with-pkgversion='Ubuntu 13.2.0-23ubuntu4' --with-bugurl=file:///usr/share/doc/gcc-13/README.Bugs --enable-languages=c,ada,c++,go,d,fortran,objc,obj-c++,m2 --prefix=/usr --with-gcc-major-version-only --program-suffix=-13 --program-prefix=x86_64-linux-gnu- --enable-shared --enable-linker-build-id --libexecdir=/usr/libexec --without-included-gettext --enable-threads=posix --libdir=/usr/lib --enable-nls --enable-clocale=gnu --enable-libstdcxx-debug --enable-libstdcxx-time=yes --with-default-libstdcxx-abi=new --enable-libstdcxx-backtrace --enable-gnu-unique-object --disable-vtable-verify --enable-plugin --enable-default-pie --with-system-zlib --enable-libphobos-checking=release --with-target-system-zlib=auto --enable-objc-gc=auto --enable-multiarch --disable-werror --enable-cet --with-arch-32=i686 --with-abi=m64 --with-multilib-list=m32,m64,mx32 --enable-multilib --with-tune=generic --enable-offload-targets=nvptx-none=/build/gcc-13-uJ7kn6/gcc-13-13.2.0/debian/tmp-nvptx/usr,amdgcn-amdhsa=/build/gcc-13-uJ7kn6/gcc-13-13.2.0/debian/tmp-gcn/usr --enable-offload-defaulted --without-cuda-driver --enable-checking=release --build=x86_64-linux-gnu --host=x86_64-linux-gnu --target=x86_64-linux-gnu
Thread model: posix
Supported LTO compression algorithms: zlib zstd
gcc version 13.2.0 (Ubuntu 13.2.0-23ubuntu4) 
... rest of stderr output deleted ...
configure:3338: $? = 0
configure:3327: g++ -V >&5
g++: error: unrecognized command-line option '-V'
g++: fatal error: no input files
compilation terminated.
configure:3338: $? = 1
configure:3327: g++ -qversion >&5
g++: error: unrecognized command-line option '-qversion'; did you mean '--version'?
g++: fatal error: no input files
compilation terminated.
configure:3338: $? = 1
configure:3342: checking whether we are using the GNU C++ compiler
configure:3361: g++ -c   conftest.cpp >&5
configure:3361: $? = 0
configure:3370: result: yes
configure:3379: checking whether g++ accepts -g
configure:3399: g++ -c -g  conftest.cpp >&5
configure:3399: $? = 0
configure:3440: result: yes
configure:3968: running configure fragment for add-on libidn
configure:3968: running configure fragment for add-on nptl
configure:4110: checking for assembler gnu_indirect_function symbol type support
configure:4126: result: yes
configure:4129: checking whether .text pseudo-op must be used
configure:4139: gcc  -c conftest.s 1>&5
configure:4142: $? = 0
configure:4153: result: yes
configure:4157: checking for assembler global-symbol directive
configure:4170: gcc  -c conftest.s 1>&5
configure:4173: $? = 0
configure:4181: result: .globl
configure:4192: checking for assembler .type directive prefix
configure:4208: gcc  -c conftest.s 1>&5
configure:4211: $? = 0
configure:4219: result: @
configure:4242: checking sysdep dirs
configure:4487: result: sysdeps/generic/elf sysdeps/generic
configure:4564: checking for a BSD-compatible install
configure:4632: result: /usr/bin/install -c
configure:4647: checking whether ln -s works
configure:4651: result: yes
configure:4720: checking for ranlib
configure:4736: found /usr/bin/ranlib
configure:4747: result: ranlib
configure:4775: checking whether as is GNU as
configure:4789: result: yes
configure:4794: checking whether ld is GNU ld
configure:4808: result: yes
configure:4818: checking for as
configure:4845: result: as
configure:4860: checking version of as
configure:4870: result: 2.42, ok
configure:4881: checking for ld
configure:4908: result: ld
configure:4923: checking version of ld
configure:4933: result: 2.42, ok
configure:4948: checking for pwd
configure:4966: found /usr/bin/pwd
configure:4979: result: /usr/bin/pwd
configure:4997: checking for gcc
configure:5024: result: gcc
configure:5039: checking version of gcc
configure:5049: result: 13.2.0, bad
configure:5060: checking for gnumake
configure:5090: result: no
configure:5060: checking for gmake
configure:5076: found /usr/bin/gmake
configure:5087: result: gmake
configure:5102: checking version of gmake
configure:5112: result: 4.3, bad
configure:5124: checking for gnumsgfmt
configure:5154: result: no
configure:5124: checking for gmsgfmt
configure:5154: result: no
configure:5124: checking for msgfmt
configure:5154: result: no
configure:5187: checking for makeinfo
configure:5217: result: no
configure:5250: checking for sed
configure:5266: found /usr/bin/sed
configure:5277: result: sed
configure:5292: checking version of sed
configure:5302: result: v. ?.??, bad
configure:5314: checking for autoconf
configure:5344: result: no
configure:5377: error: 
*** These critical programs are missing or too old: gcc make
*** Check the INSTALL file for required versions.

## ---------------- ##
## Cache variables. ##
## ---------------- ##

ac_cv_build=x86_64-unknown-linux-gnu
ac_cv_c_compiler_gnu=yes
ac_cv_cxx_compiler_gnu=yes
ac_cv_env_CCC_set=
ac_cv_env_CCC_value=
ac_cv_env_CC_set=
ac_cv_env_CC_value=
ac_cv_env_CFLAGS_set=
ac_cv_env_CFLAGS_value=
ac_cv_env_CPPFLAGS_set=
ac_cv_env_CPPFLAGS_value=
ac_cv_env_CPP_set=
ac_cv_env_CPP_value=
ac_cv_env_CXXFLAGS_set=
ac_cv_env_CXXFLAGS_value=
ac_cv_env_CXX_set=
ac_cv_env_CXX_value=
ac_cv_env_LDFLAGS_set=
ac_cv_env_LDFLAGS_value=
ac_cv_env_LIBS_set=
ac_cv_env_LIBS_value=
ac_cv_env_build_alias_set=
ac_cv_env_build_alias_value=
ac_cv_env_host_alias_set=
ac_cv_env_host_alias_value=
ac_cv_env_target_alias_set=
ac_cv_env_target_alias_value=
ac_cv_host=x86_64-unknown-linux-gnu
ac_cv_objext=o
ac_cv_path_PWD_P=/usr/bin/pwd
ac_cv_path_install='/usr/bin/install -c'
ac_cv_prog_AS=as
ac_cv_prog_CC=gcc
ac_cv_prog_CPP='gcc -E'
ac_cv_prog_LD=ld
ac_cv_prog_MAKE=gmake
ac_cv_prog_SED=sed
ac_cv_prog_ac_ct_CC=gcc
ac_cv_prog_ac_ct_CXX=g++
ac_cv_prog_ac_ct_RANLIB=ranlib
ac_cv_prog_cc_c89=
ac_cv_prog_cc_g=yes
ac_cv_prog_cxx_g=yes
libc_cv_asm_global_directive=.globl
libc_cv_asm_gnu_indirect_function=yes
libc_cv_asm_type_prefix=@
libc_cv_dot_text=.text
libc_cv_nss_crypt=no
libc_cv_prog_as_gnu=yes
libc_cv_prog_ld_gnu=yes

## ----------------- ##
## Output variables. ##
## ----------------- ##

AR='ar'
AS='as'
ASFLAGS_config=''
AUTOCONF='no'
AWK=''
BASH_SHELL=''
BISON=''
BUILD_CC=''
CC='gcc'
CFLAGS='-g -O2'
CPP='gcc -E'
CPPFLAGS=''
CXX='g++'
CXXFLAGS='-g -O2'
CXX_SYSINCLUDES=''
DEFINES=''
DEFS=''
ECHO_C=''
ECHO_N='-n'
ECHO_T=''
EGREP=''
GREP=''
INSTALL_DATA='${INSTALL} -m 644'
INSTALL_INFO=''
INSTALL_PROGRAM='${INSTALL}'
INSTALL_SCRIPT='${INSTALL}'
KSH=''
LD='ld'
LDFLAGS=''
LIBGD=''
LIBOBJS=''
LIBS=''
LN_S='ln -s'
LTLIBOBJS=''
MAKE='gmake'
MAKEINFO=':'
MIG=''
MSGFMT=':'
OBJDUMP='objdump'
OBJEXT='o'
PACKAGE_BUGREPORT='glibc'
PACKAGE_NAME='GNU C Library'
PACKAGE_STRING='GNU C Library (see version.h)'
PACKAGE_TARNAME='c-library'
PACKAGE_URL='http://www.gnu.org/software/c-library/'
PACKAGE_VERSION='(see version.h)'
PATH_SEPARATOR=':'
PERL=''
PWD_P='/usr/bin/pwd'
RANLIB='ranlib'
RELEASE=''
SED=':'
SHELL='/bin/bash'
SYSINCLUDES=''
VERSION=''
VERSIONING=''
ac_ct_CC='gcc'
ac_ct_CXX='g++'
add_on_subdirs=' libidn'
add_ons='libidn nptl'
all_warnings=''
base_machine='x86_64'
bindir='${exec_prefix}/bin'
bindnow='no'
bounded='no'
build='x86_64-unknown-linux-gnu'
build_alias=''
build_cpu='x86_64'
build_os='linux-gnu'
build_vendor='unknown'
cross_compiling='no'
datadir='${datarootdir}'
datarootdir='${prefix}/share'
docdir='${datarootdir}/doc/${PACKAGE_TARNAME}'
dvidir='${docdir}'
elf='yes'
enable_check_abi='no'
exceptions=''
exec_prefix='NONE'
experimental_malloc=''
fno_unit_at_a_time=''
force_install='yes'
gnu89_inline=''
have_libaudit=''
have_libcap=''
have_selinux=''
host='x86_64-unknown-linux-gnu'
host_alias=''
host_cpu='x86_64'
host_os='linux-gnu'
host_vendor='unknown'
htmldir='${docdir}'
includedir='${prefix}/include'
infodir='${datarootdir}/info'
ldd_rewrite_script=''
libc_cv_Bgroup=''
libc_cv_as_i686=''
libc_cv_as_needed=''
libc_cv_cc_avx=''
libc_cv_cc_sse4=''
libc_cv_cc_submachine=''
libc_cv_cc_with_libunwind=''
libc_cv_cpp_asm_debuginfo=''
libc_cv_forced_unwind=''
libc_cv_fpie=''
libc_cv_gcc_static_libgcc=''
libc_cv_gcc_unwind_find_fde=''
libc_cv_hashstyle=''
libc_cv_have_bash2=''
libc_cv_have_initfini=''
libc_cv_have_ksh=''
libc_cv_libgcc_s_suffix=''
libc_cv_localedir=''
libc_cv_nss_crypt='no'
libc_cv_pic_default=''
libc_cv_rootsbindir=''
libc_cv_slibdir=''
libc_cv_ssp=''
libc_cv_sysconfdir=''
libc_cv_z_combreloc=''
libc_cv_z_execstack=''
libdir='${exec_prefix}/lib'
libexecdir='${exec_prefix}/libexec'
localedir='${datarootdir}/locale'
localstatedir='${prefix}/var'
mach_interface_list=''
mandir='${datarootdir}/man'
multi_arch='default'
no_whole_archive=''
nopic_initfini=''
old_glibc_headers=''
oldest_abi='default'
oldincludedir='/usr/include'
omitfp='no'
pdfdir='${docdir}'
prefix='/home/wuhuang/fuzz/qasan/glibc213'
profile='no'
program_transform_name='s,x,x,'
psdir='${docdir}'
sbindir='${exec_prefix}/sbin'
shared='default'
sharedstatedir='${prefix}/com'
sizeof_long_double=''
static='yes'
static_nss='no'
subdirs='  '
submachine=''
sysconfdir='${prefix}/etc'
sysdeps_add_ons=' nptl'
sysnames=' sysdeps/x86_64/elf nptl/sysdeps/unix/sysv/linux/x86_64 sysdeps/unix/sysv/linux/x86_64 sysdeps/unix/sysv/linux/wordsize-64 nptl/sysdeps/unix/sysv/linux nptl/sysdeps/pthread sysdeps/pthread sysdeps/unix/sysv/linux sysdeps/gnu sysdeps/unix/common sysdeps/unix/mman sysdeps/unix/inet nptl/sysdeps/unix/sysv sysdeps/unix/sysv sysdeps/unix/x86_64 nptl/sysdeps/unix sysdeps/unix sysdeps/posix sysdeps/x86_64/fpu sysdeps/x86_64/multiarch nptl/sysdeps/x86_64 sysdeps/x86_64 sysdeps/wordsize-64 sysdeps/ieee754/ldbl-96 sysdeps/ieee754/dbl-64/wordsize-64 sysdeps/ieee754/dbl-64 sysdeps/ieee754/flt-32 sysdeps/ieee754 sysdeps/generic/elf sysdeps/generic'
target_alias=''
use_ldconfig=''
with_cvs='yes'
with_fp='yes'
xcoff='no'

## ----------- ##
## confdefs.h. ##
## ----------- ##

/* confdefs.h */
#define PACKAGE_NAME "GNU C Library"
#define PACKAGE_TARNAME "c-library"
#define PACKAGE_VERSION "(see version.h)"
#define PACKAGE_STRING "GNU C Library (see version.h)"
#define PACKAGE_BUGREPORT "glibc"
#define PACKAGE_URL "http://www.gnu.org/software/c-library/"
#define HAVE_LIBIDN 1
#define ASM_GLOBAL_DIRECTIVE .globl
#define ASM_TYPE_DIRECTIVE_PREFIX @
#define USE_MULTIARCH 1

configure: exit 1
